MPLINK 4.49, Linker
Linker Map File - Created Sun Nov 15 02:22:18 2020

                                 Section Info
                  Section       Type    Address   Location Size(Bytes)
                ---------  ---------  ---------  ---------  ---------
                   .org_0       code   0x000000    program   0x000004
                   .cinit    romdata   0x000004    program   0x000002
                   .org_1       code   0x000008    program   0x000002
                   .org_2       code   0x000018    program   0x00008e



                              Program Memory Usage 
                               Start         End      
                           ---------   ---------      
                            0x000000    0x000005      
                            0x000008    0x000009      
                            0x000018    0x0000a5      
            150 out of 33048 program addresses used, program memory utilization is 0%



                              Symbols - Sorted by Name
                     Name    Address   Location    Storage File                     
                ---------  ---------  ---------  --------- ---------                
                    AGAIN   0x00004e    program     static C:\Users\HP\Documents\Quiz6\Quiz6.asm
                   AGAIN1   0x000052    program     static C:\Users\HP\Documents\Quiz6\Quiz6.asm
                DELAY60ms   0x00004a    program     static C:\Users\HP\Documents\Quiz6\Quiz6.asm
                     loop   0x00001c    program     static C:\Users\HP\Documents\Quiz6\Quiz6.asm
                 perform0   0x000044    program     static C:\Users\HP\Documents\Quiz6\Quiz6.asm
                 perform5   0x00003c    program     static C:\Users\HP\Documents\Quiz6\Quiz6.asm
                 perform6   0x000036    program     static C:\Users\HP\Documents\Quiz6\Quiz6.asm
                    start   0x00001a    program     static C:\Users\HP\Documents\Quiz6\Quiz6.asm



                              Symbols - Sorted by Address
                     Name    Address   Location    Storage File                     
                ---------  ---------  ---------  --------- ---------                
                    start   0x00001a    program     static C:\Users\HP\Documents\Quiz6\Quiz6.asm
                     loop   0x00001c    program     static C:\Users\HP\Documents\Quiz6\Quiz6.asm
                 perform6   0x000036    program     static C:\Users\HP\Documents\Quiz6\Quiz6.asm
                 perform5   0x00003c    program     static C:\Users\HP\Documents\Quiz6\Quiz6.asm
                 perform0   0x000044    program     static C:\Users\HP\Documents\Quiz6\Quiz6.asm
                DELAY60ms   0x00004a    program     static C:\Users\HP\Documents\Quiz6\Quiz6.asm
                    AGAIN   0x00004e    program     static C:\Users\HP\Documents\Quiz6\Quiz6.asm
                   AGAIN1   0x000052    program     static C:\Users\HP\Documents\Quiz6\Quiz6.asm


